 gcc -g p5final.c 
 gdb a.out
GNU gdb (Ubuntu 8.1.1-0ubuntu1) 8.1.1
Copyright (C) 2018 Free Software Foundation, Inc.
License GPLv3+: GNU GPL version 3 or later <http://gnu.org/licenses/gpl.html>
This is free software: you are free to change and redistribute it.
There is NO WARRANTY, to the extent permitted by law.  Type "show copying"
and "show warranty" for details.
This GDB was configured as "x86_64-linux-gnu".
Type "show configuration" for configuration details.
For bug reporting instructions, please see:
<http://www.gnu.org/software/gdb/bugs/>.
Find the GDB manual and other documentation resources online at:
<http://www.gnu.org/software/gdb/documentation/>.
For help, type "help".
Type "apropos word" to search for commands related to "word"...
Reading symbols from a.out...done.
(gdb)  b main
Breakpoint 1 at 0x87f: file p5final.c, line 33.
(gdb) r
Starting program: /home/runner/pps-IA1-practice/a.out 
warning: Error disabling address space randomization: Operation not permitted

Breakpoint 1, main () at p5final.c:33
33    n=input();
(gdb) s
input () at p5final.c:5
5   {
(gdb) n
7     printf("enter a number=\n");
(gdb) n
enter a number=
8     scanf("%f",&n);
(gdb) n
4
9     return n;
(gdb) n
10  }
(gdb) n
main () at p5final.c:34
34    sqrt_result=my_sqrt(n);
(gdb) s
my_sqrt (n=4) at p5final.c:14
14    sqrt_result=n/2;
(gdb) n
15    float root=0;
(gdb) n
16    while(sqrt_result!=root)
(gdb) n
18     root=sqrt_result;
(gdb) n
19     sqrt_result=(n/root+root)/2;
(gdb) n
16    while(sqrt_result!=root)
(gdb) n
21    return sqrt_result;
(gdb) n
22  }
(gdb) n
main () at p5final.c:35
35    output(n,sqrt_result);
(gdb) s
output (n=4, sqrt_result=2) at p5final.c:26
26    j=n;
(gdb) n
27    k=sqrt_result;
(gdb) n
28    printf("square root of %d=%d\n",j,k);
(gdb) n
square root of 4=2
29  }
(gdb) n
main () at p5final.c:36
36    return 0;
(gdb) c
Continuing.
[Inferior 1 (process 2176) exited normally]
(gdb) 